[    1426ms] [ERROR] Failed to load resource: the server responded with a status of 404 (Not Found) @ http://localhost:3001/projects?_rsc=oFnK2tKU8cKq08hN:0
[    1427ms] [ERROR] Failed to load resource: the server responded with a status of 404 (Not Found) @ http://localhost:3001/users?_rsc=oFnK2tKU8cKq08hN:0
[   22434ms] [ERROR] Failed to load resource: the server responded with a status of 404 (Not Found) @ http://localhost:3001/projects?_rsc=Oak2yvvq3zTQy89N:0
[   22438ms] [ERROR] Failed to load resource: the server responded with a status of 404 (Not Found) @ http://localhost:3001/users?_rsc=Oak2yvvq3zTQy89N:0
[   40072ms] [ERROR] Failed to load resource: the server responded with a status of 404 (Not Found) @ http://localhost:3001/projects?_rsc=gVAx7ou-9PAleH0B:0
[   40081ms] [ERROR] Failed to load resource: the server responded with a status of 404 (Not Found) @ http://localhost:3001/users?_rsc=gVAx7ou-9PAleH0B:0
[   41068ms] [ERROR] Failed to load resource: the server responded with a status of 404 (Not Found) @ http://localhost:3001/projects?_rsc=gVAx7ou-9PAleH0B:0
[   41070ms] [ERROR] Failed to load resource: the server responded with a status of 404 (Not Found) @ http://localhost:3001/users?_rsc=gVAx7ou-9PAleH0B:0
[  330693ms] [ERROR] Failed to load resource: net::ERR_CONNECTION_REFUSED @ http://localhost:3001/projects?_rsc=gVAx7ou-9PAleH0B:0
[  330727ms] [ERROR] Failed to load resource: net::ERR_CONNECTION_REFUSED @ http://localhost:3001/users?_rsc=gVAx7ou-9PAleH0B:0
[  445590ms] [ERROR] Failed to load resource: the server responded with a status of 404 (Not Found) @ http://localhost:3001/projects?_rsc=4shKpybYRumka6lO:0
[  445591ms] [ERROR] Failed to load resource: the server responded with a status of 404 (Not Found) @ http://localhost:3001/users?_rsc=4shKpybYRumka6lO:0
[  446901ms] [ERROR] Failed to load resource: the server responded with a status of 404 (Not Found) @ http://localhost:3001/projects?_rsc=4shKpybYRumka6lO:0
[  446903ms] [ERROR] Failed to load resource: the server responded with a status of 404 (Not Found) @ http://localhost:3001/users?_rsc=4shKpybYRumka6lO:0
[  461549ms] Error: An unexpected response was received from the server.
    at w (http://localhost:3001/_next/static/chunks/3ir52pffzpi81.js:2:743)
[  588619ms] [ERROR] Failed to load resource: the server responded with a status of 404 (Not Found) @ http://localhost:3001/tickets,%20/tickets:0
[  588636ms] Error: An unexpected response was received from the server.
    at w (http://localhost:3001/_next/static/chunks/3ir52pffzpi81.js:2:743)
[  603744ms] [ERROR] Failed to load resource: the server responded with a status of 404 (Not Found) @ http://localhost:3001/projects?_rsc=4shKpybYRumka6lO:0
[  603746ms] [ERROR] Failed to load resource: the server responded with a status of 404 (Not Found) @ http://localhost:3001/users?_rsc=4shKpybYRumka6lO:0
[  605080ms] [ERROR] Failed to load resource: the server responded with a status of 404 (Not Found) @ http://localhost:3001/projects?_rsc=4shKpybYRumka6lO:0
[  605088ms] [ERROR] Failed to load resource: the server responded with a status of 404 (Not Found) @ http://localhost:3001/users?_rsc=4shKpybYRumka6lO:0
[  619317ms] Error: An unexpected response was received from the server.
    at w (http://localhost:3001/_next/static/chunks/3ir52pffzpi81.js:2:743)
[ 1043780ms] Error: An unexpected response was received from the server.
    at w (http://localhost:3001/_next/static/chunks/3ir52pffzpi81.js:2:743)
[ 1069676ms] [VERBOSE] [DOM] Input elements should have autocomplete attributes (suggested: "current-password"): (More info: https://goo.gl/9p2vKq) %o @ http://localhost:3001/users/new:0
[ 1184957ms] Error: An unexpected response was received from the server.
    at w (http://localhost:3001/_next/static/chunks/3ir52pffzpi81.js:2:743)
[ 1258128ms] [ERROR] Failed to load resource: net::ERR_CONNECTION_REFUSED @ http://localhost:3001/tickets/new?_rsc=BnNCZJsc0yK5IBDb:0
[ 1258129ms] [ERROR] Failed to fetch RSC payload for http://localhost:3001/tickets/new. Falling back to browser navigation. TypeError: Failed to fetch
    at b (http://localhost:3001/_next/static/chunks/3ir52pffzpi81.js:1:73110)
    at async m (http://localhost:3001/_next/static/chunks/3ir52pffzpi81.js:1:71246)
    at async U (http://localhost:3001/_next/static/chunks/3ir52pffzpi81.js:1:82376) @ http://localhost:3001/_next/static/chunks/3ir52pffzpi81.js:0
[ 1304166ms] [INFO] %cDownload the React DevTools for a better development experience: https://react.dev/link/react-devtools font-weight:bold @ http://localhost:3000/_next/static/chunks/node_modules_next_dist_1ybzpk2._.js:2477
[ 1304197ms] [LOG] [HMR] connected @ http://localhost:3000/_next/static/chunks/node_modules_next_dist_1ybzpk2._.js:2477
[ 1304317ms] [WARNING] Image with src "/ciit-icon.png" has either width or height modified, but not the other. If you use CSS to change the size of your image, also include the styles 'width: "auto"' or 'height: "auto"' to maintain the aspect ratio. @ http://localhost:3000/_next/static/chunks/node_modules_next_dist_1ybzpk2._.js:2477
[ 1307790ms] [LOG] [Fast Refresh] rebuilding @ http://localhost:3000/_next/static/chunks/node_modules_next_dist_1ybzpk2._.js:2477
[ 1307796ms] [LOG] [Fast Refresh] done in 108ms @ http://localhost:3000/_next/static/chunks/node_modules_next_dist_1ybzpk2._.js:2477
[ 1310544ms] [INFO] %cDownload the React DevTools for a better development experience: https://react.dev/link/react-devtools font-weight:bold @ http://localhost:3000/_next/static/chunks/node_modules_next_dist_1ybzpk2._.js:2477
[ 1310572ms] [LOG] [HMR] connected @ http://localhost:3000/_next/static/chunks/node_modules_next_dist_1ybzpk2._.js:2477
[ 1310667ms] [WARNING] Image with src "/ciit-icon.png" has either width or height modified, but not the other. If you use CSS to change the size of your image, also include the styles 'width: "auto"' or 'height: "auto"' to maintain the aspect ratio. @ http://localhost:3000/_next/static/chunks/node_modules_next_dist_1ybzpk2._.js:2477
[ 1365714ms] [LOG] [Fast Refresh] rebuilding @ http://localhost:3000/_next/static/chunks/node_modules_next_dist_1ybzpk2._.js:2477
[ 1365716ms] [LOG] [Fast Refresh] done in 103ms @ http://localhost:3000/_next/static/chunks/node_modules_next_dist_1ybzpk2._.js:2477
[ 1365916ms] [WARNING] Image with src "/ciit-logo.png" has either width or height modified, but not the other. If you use CSS to change the size of your image, also include the styles 'width: "auto"' or 'height: "auto"' to maintain the aspect ratio. @ http://localhost:3000/_next/static/chunks/node_modules_next_dist_1ybzpk2._.js:2477
[ 1648548ms] [ERROR] WebSocket connection to 'ws://localhost:3000/_next/webpack-hmr?id=ODXL1ZS0M1hs6LisdGi1h' failed: Error in connection establishment: net::ERR_CONNECTION_REFUSED @ http://localhost:3000/_next/static/chunks/node_modules_next_dist_client_0r5nbpw._.js:13422
[ 1651893ms] [ERROR] WebSocket connection to 'ws://localhost:3000/_next/webpack-hmr?id=ODXL1ZS0M1hs6LisdGi1h' failed: Error in connection establishment: net::ERR_CONNECTION_REFUSED @ http://localhost:3000/_next/static/chunks/node_modules_next_dist_client_0r5nbpw._.js:13422
[ 1655231ms] [ERROR] WebSocket connection to 'ws://localhost:3000/_next/webpack-hmr?id=ODXL1ZS0M1hs6LisdGi1h' failed: Error in connection establishment: net::ERR_CONNECTION_REFUSED @ http://localhost:3000/_next/static/chunks/node_modules_next_dist_client_0r5nbpw._.js:13422
[ 1658575ms] [ERROR] WebSocket connection to 'ws://localhost:3000/_next/webpack-hmr?id=ODXL1ZS0M1hs6LisdGi1h' failed: Error in connection establishment: net::ERR_CONNECTION_REFUSED @ http://localhost:3000/_next/static/chunks/node_modules_next_dist_client_0r5nbpw._.js:13422
[ 1661924ms] [ERROR] WebSocket connection to 'ws://localhost:3000/_next/webpack-hmr?id=ODXL1ZS0M1hs6LisdGi1h' failed: Error in connection establishment: net::ERR_CONNECTION_REFUSED @ http://localhost:3000/_next/static/chunks/node_modules_next_dist_client_0r5nbpw._.js:13422
[ 1669287ms] [ERROR] WebSocket connection to 'ws://localhost:3000/_next/webpack-hmr?id=ODXL1ZS0M1hs6LisdGi1h' failed: Error in connection establishment: net::ERR_CONNECTION_REFUSED @ http://localhost:3000/_next/static/chunks/node_modules_next_dist_client_0r5nbpw._.js:13422
[ 1676661ms] [ERROR] WebSocket connection to 'ws://localhost:3000/_next/webpack-hmr?id=ODXL1ZS0M1hs6LisdGi1h' failed: Error in connection establishment: net::ERR_CONNECTION_REFUSED @ http://localhost:3000/_next/static/chunks/node_modules_next_dist_client_0r5nbpw._.js:13422
[ 1684001ms] [ERROR] WebSocket connection to 'ws://localhost:3000/_next/webpack-hmr?id=ODXL1ZS0M1hs6LisdGi1h' failed: Error in connection establishment: net::ERR_CONNECTION_REFUSED @ http://localhost:3000/_next/static/chunks/node_modules_next_dist_client_0r5nbpw._.js:13422
[ 1691367ms] [ERROR] WebSocket connection to 'ws://localhost:3000/_next/webpack-hmr?id=ODXL1ZS0M1hs6LisdGi1h' failed: Error in connection establishment: net::ERR_CONNECTION_REFUSED @ http://localhost:3000/_next/static/chunks/node_modules_next_dist_client_0r5nbpw._.js:13422
[ 1698746ms] [ERROR] WebSocket connection to 'ws://localhost:3000/_next/webpack-hmr?id=ODXL1ZS0M1hs6LisdGi1h' failed: Error in connection establishment: net::ERR_CONNECTION_REFUSED @ http://localhost:3000/_next/static/chunks/node_modules_next_dist_client_0r5nbpw._.js:13422
[ 1706123ms] [ERROR] WebSocket connection to 'ws://localhost:3000/_next/webpack-hmr?id=ODXL1ZS0M1hs6LisdGi1h' failed: Error in connection establishment: net::ERR_CONNECTION_REFUSED @ http://localhost:3000/_next/static/chunks/node_modules_next_dist_client_0r5nbpw._.js:13422
[ 1713515ms] [ERROR] WebSocket connection to 'ws://localhost:3000/_next/webpack-hmr?id=ODXL1ZS0M1hs6LisdGi1h' failed: Error in connection establishment: net::ERR_CONNECTION_REFUSED @ http://localhost:3000/_next/static/chunks/node_modules_next_dist_client_0r5nbpw._.js:13422
[ 2539889ms] [INFO] %cDownload the React DevTools for a better development experience: https://react.dev/link/react-devtools font-weight:bold @ http://localhost:3000/_next/static/chunks/node_modules_next_dist_1ybzpk2._.js:2477
[ 2539987ms] [LOG] [HMR] connected @ http://localhost:3000/_next/static/chunks/node_modules_next_dist_1ybzpk2._.js:2477
[ 2540200ms] [WARNING] Image with src "/ciit-icon.png" has either width or height modified, but not the other. If you use CSS to change the size of your image, also include the styles 'width: "auto"' or 'height: "auto"' to maintain the aspect ratio. @ http://localhost:3000/_next/static/chunks/node_modules_next_dist_1ybzpk2._.js:2477
[ 2937648ms] [LOG] [Fast Refresh] rebuilding @ http://localhost:3000/_next/static/chunks/node_modules_next_dist_1ybzpk2._.js:2477
[ 2937654ms] [LOG] [Fast Refresh] done in 109ms @ http://localhost:3000/_next/static/chunks/node_modules_next_dist_1ybzpk2._.js:2477
[ 5076434ms] [LOG] [HMR] connected @ http://localhost:3000/_next/static/chunks/node_modules_next_dist_1ybzpk2._.js:2477
[ 5076709ms] [LOG] [Fast Refresh] rebuilding @ http://localhost:3000/_next/static/chunks/node_modules_next_dist_1ybzpk2._.js:2477
[ 5076717ms] [LOG] [Fast Refresh] done in 113ms @ http://localhost:3000/_next/static/chunks/node_modules_next_dist_1ybzpk2._.js:2477
[ 5080575ms] [ERROR] WebSocket connection to 'ws://localhost:3000/_next/webpack-hmr?id=PahlhFzx_DpO7udzmik3O' failed: Error in connection establishment: net::ERR_CONNECTION_REFUSED @ http://localhost:3000/_next/static/chunks/node_modules_next_dist_client_0r5nbpw._.js:13422
[16028073ms] [ERROR] WebSocket connection to 'ws://localhost:3000/_next/webpack-hmr?id=PahlhFzx_DpO7udzmik3O' failed: Error in connection establishment: net::ERR_CONNECTION_REFUSED @ http://localhost:3000/_next/static/chunks/node_modules_next_dist_client_0r5nbpw._.js:13422
[16031428ms] [ERROR] WebSocket connection to 'ws://localhost:3000/_next/webpack-hmr?id=PahlhFzx_DpO7udzmik3O' failed: Error in connection establishment: net::ERR_CONNECTION_REFUSED @ http://localhost:3000/_next/static/chunks/node_modules_next_dist_client_0r5nbpw._.js:13422
[16034779ms] [ERROR] WebSocket connection to 'ws://localhost:3000/_next/webpack-hmr?id=PahlhFzx_DpO7udzmik3O' failed: Error in connection establishment: net::ERR_CONNECTION_REFUSED @ http://localhost:3000/_next/static/chunks/node_modules_next_dist_client_0r5nbpw._.js:13422
[16036948ms] [ERROR] Failed to load resource: net::ERR_CONNECTION_REFUSED @ http://localhost:3000/tickets?_rsc=IoPIe5JuWser9ZBG:0
[16036949ms] [ERROR] Failed to fetch RSC payload for http://localhost:3000/tickets. Falling back to browser navigation. TypeError: Failed to fetch
    at createFetch (http://localhost:3000/_next/static/chunks/node_modules_next_dist_client_0r5nbpw._.js:8207:21)
    at async fetchServerResponse (http://localhost:3000/_next/static/chunks/node_modules_next_dist_client_0r5nbpw._.js:8051:21)
    at async navigateToUnknownRoute (http://localhost:3000/_next/static/chunks/node_modules_next_dist_client_0r5nbpw._.js:10221:20) @ http://localhost:3000/_next/static/chunks/node_modules_next_dist_1ybzpk2._.js:3318
[16036958ms] [ERROR] WebSocket is already in CLOSING or CLOSED state. @ http://localhost:3000/_next/static/chunks/node_modules_next_dist_1ybzpk2._.js:2836
[16037185ms] [ERROR] Failed to load resource: net::ERR_CONNECTION_REFUSED @ http://localhost:3000/tickets?_rsc=IoPIe5JuWser9ZBG:0
[16037186ms] [ERROR] Failed to fetch RSC payload for http://localhost:3000/tickets. Falling back to browser navigation. TypeError: Failed to fetch
    at createFetch (http://localhost:3000/_next/static/chunks/node_modules_next_dist_client_0r5nbpw._.js:8207:21)
    at async fetchServerResponse (http://localhost:3000/_next/static/chunks/node_modules_next_dist_client_0r5nbpw._.js:8051:21)
    at async navigateToUnknownRoute (http://localhost:3000/_next/static/chunks/node_modules_next_dist_client_0r5nbpw._.js:10221:20) @ http://localhost:3000/_next/static/chunks/node_modules_next_dist_1ybzpk2._.js:3318
[16037189ms] [ERROR] WebSocket is already in CLOSING or CLOSED state. @ http://localhost:3000/_next/static/chunks/node_modules_next_dist_1ybzpk2._.js:2836
[16038122ms] [ERROR] WebSocket connection to 'ws://localhost:3000/_next/webpack-hmr?id=PahlhFzx_DpO7udzmik3O' failed: Error in connection establishment: net::ERR_CONNECTION_REFUSED @ http://localhost:3000/_next/static/chunks/node_modules_next_dist_client_0r5nbpw._.js:13422
[16066950ms] [INFO] %cDownload the React DevTools for a better development experience: https://react.dev/link/react-devtools font-weight:bold @ http://localhost:3000/_next/static/chunks/node_modules_next_dist_1ybzpk2._.js:2477
[16067041ms] [LOG] [HMR] connected @ http://localhost:3000/_next/static/chunks/node_modules_next_dist_1ybzpk2._.js:2477
[16067205ms] [WARNING] Image with src "/ciit-icon.png" has either width or height modified, but not the other. If you use CSS to change the size of your image, also include the styles 'width: "auto"' or 'height: "auto"' to maintain the aspect ratio. @ http://localhost:3000/_next/static/chunks/node_modules_next_dist_1ybzpk2._.js:2477
[16203568ms] [LOG] [Fast Refresh] rebuilding @ http://localhost:3000/_next/static/chunks/node_modules_next_dist_1ybzpk2._.js:2477
[16204436ms] [LOG] [Fast Refresh] done in 969ms @ http://localhost:3000/_next/static/chunks/node_modules_next_dist_1ybzpk2._.js:2477
[16211302ms] [LOG] [Fast Refresh] rebuilding @ http://localhost:3000/_next/static/chunks/node_modules_next_dist_1ybzpk2._.js:2477
[16212040ms] [LOG] [Fast Refresh] done in 845ms @ http://localhost:3000/_next/static/chunks/node_modules_next_dist_1ybzpk2._.js:2477
[19170627ms] [LOG] [HMR] connected @ http://localhost:3000/_next/static/chunks/node_modules_next_dist_1ybzpk2._.js:2477
[50744163ms] [LOG] [HMR] connected @ http://localhost:3000/_next/static/chunks/node_modules_next_dist_1ybzpk2._.js:2477
[58194454ms] [LOG] [Fast Refresh] rebuilding @ http://localhost:3000/_next/static/chunks/node_modules_next_dist_1ybzpk2._.js:2477
[58194572ms] [LOG] [Fast Refresh] done in 223ms @ http://localhost:3000/_next/static/chunks/node_modules_next_dist_1ybzpk2._.js:2477
[58194748ms] [LOG] [Fast Refresh] rebuilding @ http://localhost:3000/_next/static/chunks/node_modules_next_dist_1ybzpk2._.js:2477
[58194868ms] [LOG] [Fast Refresh] done in 223ms @ http://localhost:3000/_next/static/chunks/node_modules_next_dist_1ybzpk2._.js:2477
[58194899ms] [WARNING] Image with src "/ciit-logo.png" has either width or height modified, but not the other. If you use CSS to change the size of your image, also include the styles 'width: "auto"' or 'height: "auto"' to maintain the aspect ratio. @ http://localhost:3000/_next/static/chunks/node_modules_next_dist_1ybzpk2._.js:2477
